Abaqus/Explicit 2025.HF4                           DATE 14-7-2026  TIME 19:51:39
-------------------------------------------------------------------------------
 PREPROCESSOR WARNING MESSAGES
-------------------------------------------------------------------------------


***WARNING: There are 1 warning messages in the data (.dat) file.  Please
            check the data file for possible errors in the input file.


-------------------------------------------------------------------------------
 NUMERICAL PRECISION USED FOR THIS Abaqus/Explicit ANALYSIS
-------------------------------------------------------------------------------

Double precision package and explicit executables will be used in this analysis.

-------------------------------------------------------------------------------
-------------------------------------------------------------------------------
           DOMAIN DECOMPOSITION INFORMATION
-------------------------------------------------------------------------------


     DOMAIN 1 HAS 105 ELEMENTS AND 128 NODES with WEIGHT 25.120

     DOMAIN 2 HAS 104 ELEMENTS AND 127 NODES with WEIGHT 24.885

     DOMAIN 3 HAS 105 ELEMENTS AND 132 NODES with WEIGHT 25.043

     DOMAIN 4 HAS 104 ELEMENTS AND 131 NODES with WEIGHT 24.952


-------------------------------------------------------------------------------
  USER SUBROUTINE VUMAT
-------------------------------------------------------------------------------


***WARNING: A material defined in user subroutine VUMAT must be defined as
            purely elastic (using the initial elastic modulus) at the
            beginning of the analysis (stepTime=0). This is an informative
            message. It does not necessarily indicate that user subroutine
            VUMAT is incorrectly defined.


-------------------------------------------------------------------------------
 MODEL INFORMATION (IN GLOBAL X-Y COORDINATES)
-------------------------------------------------------------------------------

   Total mass (unscaled) in model = 2.07596E-08
   Center of mass of model (based on unscaled mass) = ( 1.333333E+00, 7.508959E-01)
   For the axisymmetric body, the center of mass is located at the center of mass
   of the circumferential slice.

   Moments of Inertia :
                 About Center of Mass              About Origin
      I(XX)          4.047434E-09                  1.575265E-08
      I(YY)          4.835886E-09                  4.174192E-08
      I(XY)         -6.735081E-24                 -2.078444E-08
      I(ZZ)          8.883320E-09                  5.749457E-08

-------------------------------------------------------------------------------
 STABLE TIME INCREMENT INFORMATION
-------------------------------------------------------------------------------


  The stable time increment estimate for each element is based on
  linearization about the initial state. The stable time increment estimates
  do not account for mass scaling.


   Initial time increment = 1.41636E-08

   Statistics over 418 deformable elements:
      Mean = 6.32617E-07
      Standard deviation = 7.95788E-07

   Most critical elements:
    Element number   Rank    Time increment   Increment ratio
   ----------------------------------------------------------
         353          1       1.416356E-08      1.000000E+00
         397          2       1.416356E-08      1.000000E+00
         331          3       1.416356E-08      1.000000E+00
         375          4       1.416356E-08      1.000000E+00
         398          5       1.497821E-08      9.456109E-01
         354          6       1.497821E-08      9.456109E-01
         376          7       1.497821E-08      9.456109E-01
         332          8       1.497821E-08      9.456109E-01
         399          9       1.504962E-08      9.411239E-01
         355         10       1.504962E-08      9.411239E-01

-------------------------------------------------------------------------------

  INFORMATION REGARDING INITIAL CONTACT OVERCLOSURES FOR NEWLY DEFINED GENERAL
  CONTACT INTERACTIONS IN STEP 1

-------------------------------------------------------------------------------

  No initial node-face overclosures found.


  Abaqus/Explicit will attempt to resolve 3 initial node-analytical rigid
  surface overclosure(s).


  Maximum initial overclosure for node-analytical rigid surface contact is
  0.13078 between secondary node 1906 and the analytical rigid surface with
  reference node 9999.


  Maximum initial contact adjustment is: 0.13073 at node 1906.


  No unresolved initial node-face overclosures found.


  For more detailed information on initial overclosures, use the *DIAGNOSTICS,
  CONTACT=DETAIL command and see the message (.msg) file.


***NOTE: You can view the deformed configuration due to the resolution of
         initial overclosures.  In increment 0, draw the deformed shape or
         draw a symbol plot of vector displacements.

------------------------------------------------------------------------------

Abaqus/Explicit 2025.HF4                           DATE 14-7-2026  TIME 19:51:43
The model has been decomposed into 4 domains.
Domain level parallelization will be used with 4 processors each hosting an MPI rank.

-------------------------------------------------------------------------------
 SOLUTION PROGRESS
-------------------------------------------------------------------------------

 STEP 1  ORIGIN 0.0000

  Total memory used for step 1 is approximately 4.6 megabytes.
  Global time estimation algorithm will be used.
  Scaling factor:  1.0000
              STEP     TOTAL      WALL        STABLE    CRITICAL    KINETIC      TOTAL    PERCENT
INCREMENT     TIME      TIME      TIME     INCREMENT     ELEMENT     ENERGY     ENERGY  CHNG MASS
        0  0.000E+00 0.000E+00  00:00:00 1.90693E-07         250  0.000E+00  0.000E+00  2.548E+02
Output Field Frame Number     0, of     25, at step time 0.000E+00
     2001  4.002E-04 4.002E-04  00:00:01 2.00000E-07         409  0.000E+00  0.000E+00  2.548E+02
Output Field Frame Number     1, of     25, at step time 4.002E-04
     4001  8.002E-04 8.002E-04  00:00:02 2.00000E-07         409  0.000E+00  0.000E+00  2.548E+02
Output Field Frame Number     2, of     25, at step time 8.002E-04
     6001  1.200E-03 1.200E-03  00:00:02 1.90702E-07         397  3.766E-12  3.418E-14  2.548E+02
Output Field Frame Number     3, of     25, at step time 1.200E-03
     8003  1.600E-03 1.600E-03  00:00:03 1.99940E-07         397  2.822E-11 -4.714E-13  2.548E+02
Output Field Frame Number     4, of     25, at step time 1.600E-03
    10004  2.000E-03 2.000E-03  00:00:03 1.99960E-07         398  1.853E-11 -1.030E-12  2.548E+02
Output Field Frame Number     5, of     25, at step time 2.000E-03
    12004  2.400E-03 2.400E-03  00:00:04 1.99957E-07         397  1.257E-11 -1.846E-13  2.548E+02
Output Field Frame Number     6, of     25, at step time 2.400E-03
    14005  2.800E-03 2.800E-03  00:00:05 1.99956E-07         397  1.254E-11 -1.979E-13  2.548E+02
Output Field Frame Number     7, of     25, at step time 2.800E-03
    16005  3.200E-03 3.200E-03  00:00:05 1.99959E-07         398  9.321E-12 -3.834E-13  2.548E+02
Output Field Frame Number     8, of     25, at step time 3.200E-03
    18006  3.600E-03 3.600E-03  00:00:06 1.99954E-07         397  6.957E-12 -1.388E-13  2.548E+02
Output Field Frame Number     9, of     25, at step time 3.600E-03
    20006  4.000E-03 4.000E-03  00:00:06 1.99958E-07         398  5.803E-12 -1.155E-13  2.548E+02
Output Field Frame Number    10, of     25, at step time 4.000E-03
    22007  4.400E-03 4.400E-03  00:00:07 1.99947E-07         397  4.935E-12 -5.151E-14  2.548E+02
Output Field Frame Number    11, of     25, at step time 4.400E-03
    24007  4.800E-03 4.800E-03  00:00:08 1.99952E-07         397  4.635E-12 -1.701E-13  2.548E+02
Output Field Frame Number    12, of     25, at step time 4.800E-03
    26008  5.200E-03 5.200E-03  00:00:08 1.99949E-07         397  3.823E-12 -3.830E-14  2.548E+02
Output Field Frame Number    13, of     25, at step time 5.200E-03
    28008  5.600E-03 5.600E-03  00:00:09 1.99955E-07         397  2.883E-12 -8.907E-15  2.548E+02
Output Field Frame Number    14, of     25, at step time 5.600E-03
    30008  6.000E-03 6.000E-03  00:00:10 1.99953E-07         397  3.583E-12 -4.786E-14  2.548E+02
Output Field Frame Number    15, of     25, at step time 6.000E-03
    32009  6.400E-03 6.400E-03  00:00:10 1.99950E-07         397  1.923E-12 -1.702E-14  2.548E+02
Output Field Frame Number    16, of     25, at step time 6.400E-03
    34009  6.800E-03 6.800E-03  00:00:11 1.99954E-07         397  2.004E-12 -3.160E-14  2.548E+02
Output Field Frame Number    17, of     25, at step time 6.800E-03
    36010  7.200E-03 7.200E-03  00:00:11 1.99953E-07         397  1.290E-12 -5.087E-14  2.548E+02
Output Field Frame Number    18, of     25, at step time 7.200E-03
    38010  7.600E-03 7.600E-03  00:00:12 1.99955E-07         397  1.430E-12 -2.514E-17  2.548E+02
Output Field Frame Number    19, of     25, at step time 7.600E-03
    40011  8.000E-03 8.000E-03  00:00:13 1.99948E-07         397  1.049E-12  1.867E-15  2.548E+02
Output Field Frame Number    20, of     25, at step time 8.000E-03
    42011  8.400E-03 8.400E-03  00:00:13 1.99951E-07         397  9.533E-13  5.021E-15  2.548E+02
Output Field Frame Number    21, of     25, at step time 8.400E-03
    44012  8.800E-03 8.800E-03  00:00:14 1.99953E-07         397  1.174E-12 -6.341E-15  2.548E+02
Output Field Frame Number    22, of     25, at step time 8.800E-03
    46012  9.200E-03 9.200E-03  00:00:14 1.99951E-07         397  8.593E-13 -3.308E-15  2.548E+02
Output Field Frame Number    23, of     25, at step time 9.200E-03
    48013  9.600E-03 9.600E-03  00:00:15 1.99953E-07         397  8.478E-13  3.035E-15  2.548E+02
Output Field Frame Number    24, of     25, at step time 9.600E-03
    50013  1.000E-02 1.000E-02  00:00:16 1.99953E-07         397  6.285E-13 -1.111E-14  2.548E+02
Restart Number  1 at 1.00000E-02
Output Field Frame Number    25, of     25, at step time 1.000E-02
  EXPLICIT EXECUTABLE TIME SUMMARY
       USER TIME (SEC)      =   51.500
       SYSTEM TIME (SEC)    =   6.7000
       WALLCLOCK TIME (SEC) =           16
              INIT (SEC) =          0
              MAIN (SEC) =         16

  THE ANALYSIS HAS COMPLETED SUCCESSFULLY

